// Jest Snapshot v1, https://goo.gl/fbAQLP

exports[`renders HomeScreen correctly 1`] = `
<View
  accessibilityIgnoresInvertColors={true}
  style={
    {
      "backgroundColor": "#FFFFFF",
      "flex": 1,
      "height": "100%",
      "width": "100%",
    }
  }
>
  <Image
    resizeMode="cover"
    source={
      {
        "testUri": "../../../assets/objects.png",
      }
    }
    style={
      [
        {
          "bottom": 0,
          "left": 0,
          "position": "absolute",
          "right": 0,
          "top": 0,
        },
        {
          "height": "100%",
          "width": "100%",
        },
        undefined,
      ]
    }
  />
  <View
    style={
      {
        "alignItems": "center",
        "flex": 1,
        "justifyContent": "center",
        "padding": 20,
        "position": "relative",
      }
    }
  >
    <View
      accessibilityState={
        {
          "busy": undefined,
          "checked": undefined,
          "disabled": undefined,
          "expanded": undefined,
          "selected": undefined,
        }
      }
      accessibilityValue={
        {
          "max": undefined,
          "min": undefined,
          "now": undefined,
          "text": undefined,
        }
      }
      accessible={true}
      collapsable={false}
      focusable={true}
      onClick={[Function]}
      onResponderGrant={[Function]}
      onResponderMove={[Function]}
      onResponderRelease={[Function]}
      onResponderTerminate={[Function]}
      onResponderTerminationRequest={[Function]}
      onStartShouldSetResponder={[Function]}
      style={
        {
          "opacity": 1,
        }
      }
    >
      <Text>
        Admin
      </Text>
    </View>
    <View
      style={
        {
          "alignItems": "center",
          "marginBottom": 20,
        }
      }
    >
      <Image
        source={
          {
            "testUri": "../../../assets/logomarca.png",
          }
        }
        style={
          {
            "height": 300,
            "width": 300,
          }
        }
      />
    </View>
    <View
      style={
        {
          "alignItems": "center",
          "marginBottom": 20,
        }
      }
    />
    <Text
      style={
        {
          "color": "#FFA500",
          "fontSize": 35,
          "fontWeight": "bold",
          "marginBottom": 10,
          "marginHorizontal": 50,
          "textAlign": "center",
        }
      }
    >
      Bem vindos ao SEGUE-ME
    </Text>
    <Text
      style={
        {
          "fontSize": 20,
          "fontWeight": "bold",
          "marginBottom": 30,
          "paddingBottom": 40,
          "textAlign": "center",
        }
      }
    >
      Um Batalh√£o de Amor
    </Text>
    <View
      style={
        {
          "flexDirection": "row",
          "justifyContent": "center",
        }
      }
    >
      <View
        accessibilityState={
          {
            "busy": undefined,
            "checked": undefined,
            "disabled": undefined,
            "expanded": undefined,
            "selected": undefined,
          }
        }
        accessibilityValue={
          {
            "max": undefined,
            "min": undefined,
            "now": undefined,
            "text": undefined,
          }
        }
        accessible={true}
        collapsable={false}
        focusable={true}
        onClick={[Function]}
        onResponderGrant={[Function]}
        onResponderMove={[Function]}
        onResponderRelease={[Function]}
        onResponderTerminate={[Function]}
        onResponderTerminationRequest={[Function]}
        onStartShouldSetResponder={[Function]}
        style={
          {
            "alignItems": "center",
            "backgroundColor": "#F9AF0B",
            "borderRadius": 5,
            "elevation": 5,
            "height": 50,
            "marginHorizontal": 15,
            "opacity": 1,
            "padding": 15,
            "shadowColor": "#000",
            "shadowOffset": {
              "height": 2,
              "width": 0,
            },
            "shadowOpacity": 0.3,
            "shadowRadius": 8,
            "width": 150,
          }
        }
      >
        <Text
          style={
            {
              "color": "#FFFFFF",
              "fontSize": 16,
              "fontWeight": "bold",
            }
          }
        >
          Entrar
        </Text>
      </View>
      <View
        accessibilityState={
          {
            "busy": undefined,
            "checked": undefined,
            "disabled": undefined,
            "expanded": undefined,
            "selected": undefined,
          }
        }
        accessibilityValue={
          {
            "max": undefined,
            "min": undefined,
            "now": undefined,
            "text": undefined,
          }
        }
        accessible={true}
        collapsable={false}
        focusable={true}
        onClick={[Function]}
        onResponderGrant={[Function]}
        onResponderMove={[Function]}
        onResponderRelease={[Function]}
        onResponderTerminate={[Function]}
        onResponderTerminationRequest={[Function]}
        onStartShouldSetResponder={[Function]}
        style={
          {
            "alignItems": "center",
            "backgroundColor": "#ffffff",
            "borderRadius": 5,
            "elevation": 5,
            "height": 50,
            "marginHorizontal": 10,
            "opacity": 1,
            "padding": 15,
            "shadowColor": "#000",
            "shadowOffset": {
              "height": 2,
              "width": 0,
            },
            "shadowOpacity": 0.3,
            "shadowRadius": 8,
            "width": 150,
          }
        }
      >
        <Text
          style={
            {
              "color": "#000000",
              "fontSize": 16,
              "fontWeight": "bold",
            }
          }
        >
          Cadastrar
        </Text>
      </View>
    </View>
  </View>
</View>
`;
